=== eggnog_full on narrativum, 16 slots, started Sat Oct  3 06:08:51 PM CEST 2026
[3/8] PANTHER HMM filter (resume)
Workers: 16 | DB: /tmp/fastas_prodromosp.db
Already processed: 3808 genes
Remaining: 13980 genes / 584,854,337 sequences
[2026-10-03 20:47:54] 50/13980 genes, 3.5% seqs, elapsed 2.6h, ETA ~72.7h
[2026-10-03 23:11:16] 100/13980 genes, 5.7% seqs, elapsed 5.0h, ETA ~82.7h
=== RESTART with early exit Sat Oct  3 11:23:39 PM CEST 2026
=== eggnog_full on narrativum, 16 slots, started Sat Oct  3 11:23:39 PM CEST 2026
[3/8] PANTHER HMM filter (resume)
Workers: 16 | DB: /tmp/fastas_prodromosp.db
Already processed: 3917 genes
Remaining: 13871 genes / 549,270,224 sequences
=== RESTART 40 cores Sat Oct  3 11:24:46 PM CEST 2026
=== eggnog_full on narrativum, 40 slots, started Sat Oct  3 11:24:46 PM CEST 2026
[3/8] PANTHER HMM filter (resume)
Workers: 40 | DB: /tmp/fastas_prodromosp.db
Already processed: 3917 genes
Remaining: 13871 genes / 549,270,224 sequences
[2026-10-04 00:31:55] 50/13871 genes, 1.8% seqs, elapsed 1.1h, ETA ~59.4h
[2026-10-04 01:06:31] 100/13871 genes, 3.6% seqs, elapsed 1.7h, ETA ~44.5h
[2026-10-04 02:21:43] 150/13871 genes, 5.4% seqs, elapsed 2.9h, ETA ~51.8h
[2026-10-04 03:16:11] 200/13871 genes, 7.1% seqs, elapsed 3.8h, ETA ~50.7h
[2026-10-04 04:12:07] 250/13871 genes, 8.8% seqs, elapsed 4.8h, ETA ~49.8h
[2026-10-04 04:52:04] 300/13871 genes, 10.4% seqs, elapsed 5.4h, ETA ~46.8h
[2026-10-04 05:25:01] 350/13871 genes, 12.0% seqs, elapsed 6.0h, ETA ~43.8h
[2026-10-04 06:09:50] 400/13871 genes, 13.6% seqs, elapsed 6.7h, ETA ~42.7h
[2026-10-04 06:52:20] 450/13871 genes, 15.2% seqs, elapsed 7.4h, ETA ~41.5h
[2026-10-04 07:30:01] 500/13871 genes, 16.8% seqs, elapsed 8.1h, ETA ~40.1h
[2026-10-04 08:13:24] 550/13871 genes, 18.3% seqs, elapsed 8.8h, ETA ~39.2h
[2026-10-04 08:50:13] 600/13871 genes, 19.9% seqs, elapsed 9.4h, ETA ~37.9h
[2026-10-04 09:31:47] 650/13871 genes, 21.4% seqs, elapsed 10.1h, ETA ~37.0h
[2026-10-04 10:05:15] 700/13871 genes, 23.0% seqs, elapsed 10.7h, ETA ~35.7h
[2026-10-04 10:57:56] 750/13871 genes, 24.5% seqs, elapsed 11.5h, ETA ~35.5h
[2026-10-04 11:51:17] 800/13871 genes, 26.0% seqs, elapsed 12.4h, ETA ~35.3h
[2026-10-04 12:41:14] 850/13871 genes, 27.5% seqs, elapsed 13.3h, ETA ~34.9h
[2026-10-04 13:28:47] 900/13871 genes, 29.0% seqs, elapsed 14.1h, ETA ~34.3h
[2026-10-04 13:51:34] 950/13871 genes, 30.5% seqs, elapsed 14.4h, ETA ~32.8h
[2026-10-04 14:15:22] 1000/13871 genes, 32.0% seqs, elapsed 14.8h, ETA ~31.5h
[2026-10-04 14:46:47] 1050/13871 genes, 33.4% seqs, elapsed 15.4h, ETA ~30.6h
[2026-10-04 15:03:38] 1100/13871 genes, 34.8% seqs, elapsed 15.6h, ETA ~29.3h
[2026-10-04 15:21:03] 1150/13871 genes, 36.2% seqs, elapsed 15.9h, ETA ~28.1h
[2026-10-04 15:41:13] 1200/13871 genes, 37.5% seqs, elapsed 16.3h, ETA ~27.1h
[2026-10-04 15:56:01] 1250/13871 genes, 38.8% seqs, elapsed 16.5h, ETA ~26.0h
[2026-10-04 16:17:57] 1300/13871 genes, 40.1% seqs, elapsed 16.9h, ETA ~25.2h
[2026-10-04 16:46:22] 1350/13871 genes, 41.3% seqs, elapsed 17.3h, ETA ~24.6h
[2026-10-04 17:10:52] 1400/13871 genes, 42.5% seqs, elapsed 17.8h, ETA ~24.1h
[2026-10-04 17:43:42] 1450/13871 genes, 43.6% seqs, elapsed 18.3h, ETA ~23.7h
[2026-10-04 18:02:12] 1500/13871 genes, 44.6% seqs, elapsed 18.6h, ETA ~23.1h
[2026-10-04 18:24:19] 1550/13871 genes, 45.7% seqs, elapsed 19.0h, ETA ~22.6h
[2026-10-04 18:53:50] 1600/13871 genes, 46.7% seqs, elapsed 19.5h, ETA ~22.2h
[2026-10-04 19:05:19] 1650/13871 genes, 47.7% seqs, elapsed 19.7h, ETA ~21.5h
[2026-10-04 19:13:30] 1700/13871 genes, 48.7% seqs, elapsed 19.8h, ETA ~20.8h
[2026-10-04 19:21:20] 1750/13871 genes, 49.8% seqs, elapsed 19.9h, ETA ~20.1h
[2026-10-04 19:28:45] 1800/13871 genes, 50.8% seqs, elapsed 20.1h, ETA ~19.4h
[2026-10-04 19:36:50] 1850/13871 genes, 51.8% seqs, elapsed 20.2h, ETA ~18.8h
[2026-10-04 19:56:13] 1900/13871 genes, 52.7% seqs, elapsed 20.5h, ETA ~18.4h
[2026-10-04 20:08:04] 1950/13871 genes, 53.7% seqs, elapsed 20.7h, ETA ~17.9h
[2026-10-04 20:16:54] 2000/13871 genes, 54.6% seqs, elapsed 20.9h, ETA ~17.4h
[2026-10-04 20:33:49] 2050/13871 genes, 55.4% seqs, elapsed 21.1h, ETA ~17.0h
[2026-10-04 21:10:25] 2100/13871 genes, 56.2% seqs, elapsed 21.7h, ETA ~16.9h
[2026-10-04 21:28:01] 2150/13871 genes, 57.0% seqs, elapsed 22.0h, ETA ~16.6h
[2026-10-04 21:35:26] 2200/13871 genes, 57.8% seqs, elapsed 22.2h, ETA ~16.2h
[2026-10-04 21:38:59] 2250/13871 genes, 58.6% seqs, elapsed 22.2h, ETA ~15.7h
[2026-10-04 21:42:17] 2300/13871 genes, 59.4% seqs, elapsed 22.3h, ETA ~15.3h
[2026-10-04 21:51:58] 2350/13871 genes, 60.1% seqs, elapsed 22.4h, ETA ~14.9h
[2026-10-04 22:01:05] 2400/13871 genes, 60.9% seqs, elapsed 22.6h, ETA ~14.5h
[2026-10-04 22:09:04] 2450/13871 genes, 61.6% seqs, elapsed 22.7h, ETA ~14.2h
[2026-10-04 22:14:50] 2500/13871 genes, 62.4% seqs, elapsed 22.8h, ETA ~13.8h
[2026-10-04 22:22:23] 2550/13871 genes, 63.1% seqs, elapsed 22.9h, ETA ~13.4h
[2026-10-04 22:31:44] 2600/13871 genes, 63.8% seqs, elapsed 23.1h, ETA ~13.1h
[2026-10-04 22:38:17] 2650/13871 genes, 64.5% seqs, elapsed 23.2h, ETA ~12.8h
[2026-10-04 22:42:31] 2700/13871 genes, 65.2% seqs, elapsed 23.3h, ETA ~12.4h
[2026-10-04 22:46:36] 2750/13871 genes, 65.9% seqs, elapsed 23.4h, ETA ~12.1h
[2026-10-04 22:50:20] 2800/13871 genes, 66.6% seqs, elapsed 23.4h, ETA ~11.7h
[2026-10-04 22:53:52] 2850/13871 genes, 67.3% seqs, elapsed 23.5h, ETA ~11.4h
[2026-10-04 22:57:03] 2900/13871 genes, 68.0% seqs, elapsed 23.5h, ETA ~11.1h
[2026-10-04 23:07:01] 2950/13871 genes, 68.7% seqs, elapsed 23.7h, ETA ~10.8h
[2026-10-04 23:13:26] 3000/13871 genes, 69.4% seqs, elapsed 23.8h, ETA ~10.5h
[2026-10-04 23:23:34] 3050/13871 genes, 70.0% seqs, elapsed 24.0h, ETA ~10.3h
[2026-10-04 23:32:49] 3100/13871 genes, 70.6% seqs, elapsed 24.1h, ETA ~10.0h
[2026-10-04 23:41:11] 3150/13871 genes, 71.2% seqs, elapsed 24.3h, ETA ~9.8h
[2026-10-04 23:47:58] 3200/13871 genes, 71.8% seqs, elapsed 24.4h, ETA ~9.6h
[2026-10-04 23:56:33] 3250/13871 genes, 72.4% seqs, elapsed 24.5h, ETA ~9.3h
[2026-10-05 00:03:15] 3300/13871 genes, 73.0% seqs, elapsed 24.6h, ETA ~9.1h
[2026-10-05 00:15:49] 3350/13871 genes, 73.5% seqs, elapsed 24.8h, ETA ~8.9h
[2026-10-05 00:21:39] 3400/13871 genes, 74.1% seqs, elapsed 24.9h, ETA ~8.7h
[2026-10-05 00:28:59] 3450/13871 genes, 74.6% seqs, elapsed 25.1h, ETA ~8.5h
[2026-10-05 00:33:21] 3500/13871 genes, 75.2% seqs, elapsed 25.1h, ETA ~8.3h
[2026-10-05 00:43:15] 3550/13871 genes, 75.7% seqs, elapsed 25.3h, ETA ~8.1h
[2026-10-05 00:52:15] 3600/13871 genes, 76.2% seqs, elapsed 25.4h, ETA ~7.9h
[2026-10-05 00:56:27] 3650/13871 genes, 76.7% seqs, elapsed 25.5h, ETA ~7.7h
[2026-10-05 01:01:09] 3700/13871 genes, 77.2% seqs, elapsed 25.6h, ETA ~7.5h
[2026-10-05 01:06:20] 3750/13871 genes, 77.7% seqs, elapsed 25.7h, ETA ~7.4h
[2026-10-05 01:13:55] 3800/13871 genes, 78.2% seqs, elapsed 25.8h, ETA ~7.2h
[2026-10-05 01:23:17] 3850/13871 genes, 78.7% seqs, elapsed 26.0h, ETA ~7.0h
[2026-10-05 01:31:44] 3900/13871 genes, 79.2% seqs, elapsed 26.1h, ETA ~6.9h
[2026-10-05 01:45:50] 3950/13871 genes, 79.6% seqs, elapsed 26.3h, ETA ~6.7h
[2026-10-05 01:59:57] 4000/13871 genes, 80.1% seqs, elapsed 26.6h, ETA ~6.6h
[2026-10-05 02:13:26] 4050/13871 genes, 80.5% seqs, elapsed 26.8h, ETA ~6.5h
[2026-10-05 02:21:07] 4100/13871 genes, 80.9% seqs, elapsed 26.9h, ETA ~6.4h
[2026-10-05 02:27:48] 4150/13871 genes, 81.3% seqs, elapsed 27.0h, ETA ~6.2h
[2026-10-05 02:33:51] 4200/13871 genes, 81.7% seqs, elapsed 27.1h, ETA ~6.1h
[2026-10-05 02:40:57] 4250/13871 genes, 82.1% seqs, elapsed 27.3h, ETA ~5.9h
[2026-10-05 02:46:53] 4300/13871 genes, 82.5% seqs, elapsed 27.4h, ETA ~5.8h
[2026-10-05 02:52:55] 4350/13871 genes, 82.8% seqs, elapsed 27.5h, ETA ~5.7h
[2026-10-05 02:58:00] 4400/13871 genes, 83.2% seqs, elapsed 27.5h, ETA ~5.6h
[2026-10-05 03:04:20] 4450/13871 genes, 83.5% seqs, elapsed 27.6h, ETA ~5.4h
[2026-10-05 03:07:14] 4500/13871 genes, 83.9% seqs, elapsed 27.7h, ETA ~5.3h
[2026-10-05 03:11:49] 4550/13871 genes, 84.2% seqs, elapsed 27.8h, ETA ~5.2h
[2026-10-05 03:15:41] 4600/13871 genes, 84.6% seqs, elapsed 27.8h, ETA ~5.1h
[2026-10-05 03:22:18] 4650/13871 genes, 84.9% seqs, elapsed 27.9h, ETA ~5.0h
[2026-10-05 03:30:27] 4700/13871 genes, 85.2% seqs, elapsed 28.1h, ETA ~4.9h
[2026-10-05 03:39:57] 4750/13871 genes, 85.5% seqs, elapsed 28.2h, ETA ~4.8h
[2026-10-05 03:51:12] 4800/13871 genes, 85.8% seqs, elapsed 28.4h, ETA ~4.7h
[2026-10-05 03:59:26] 4850/13871 genes, 86.1% seqs, elapsed 28.6h, ETA ~4.6h
[2026-10-05 04:04:55] 4900/13871 genes, 86.4% seqs, elapsed 28.7h, ETA ~4.5h
[2026-10-05 04:07:23] 4950/13871 genes, 86.7% seqs, elapsed 28.7h, ETA ~4.4h
[2026-10-05 04:16:52] 5000/13871 genes, 87.0% seqs, elapsed 28.9h, ETA ~4.3h
[2026-10-05 04:42:45] 5050/13871 genes, 87.3% seqs, elapsed 29.3h, ETA ~4.3h
[2026-10-05 04:58:13] 5100/13871 genes, 87.6% seqs, elapsed 29.5h, ETA ~4.2h
[2026-10-05 05:03:30] 5150/13871 genes, 87.9% seqs, elapsed 29.6h, ETA ~4.1h
[2026-10-05 05:13:42] 5200/13871 genes, 88.2% seqs, elapsed 29.8h, ETA ~4.0h
[2026-10-05 05:18:08] 5250/13871 genes, 88.4% seqs, elapsed 29.9h, ETA ~3.9h
[2026-10-05 05:21:43] 5300/13871 genes, 88.7% seqs, elapsed 29.9h, ETA ~3.8h
[2026-10-05 05:24:52] 5350/13871 genes, 88.9% seqs, elapsed 30.0h, ETA ~3.7h
[2026-10-05 05:28:04] 5400/13871 genes, 89.2% seqs, elapsed 30.0h, ETA ~3.6h
[2026-10-05 05:32:42] 5450/13871 genes, 89.5% seqs, elapsed 30.1h, ETA ~3.6h
[2026-10-05 05:35:57] 5500/13871 genes, 89.7% seqs, elapsed 30.2h, ETA ~3.5h
[2026-10-05 05:39:07] 5550/13871 genes, 89.9% seqs, elapsed 30.2h, ETA ~3.4h
[2026-10-05 05:42:38] 5600/13871 genes, 90.2% seqs, elapsed 30.3h, ETA ~3.3h
[2026-10-05 05:46:34] 5650/13871 genes, 90.4% seqs, elapsed 30.4h, ETA ~3.2h
[2026-10-05 05:49:40] 5700/13871 genes, 90.6% seqs, elapsed 30.4h, ETA ~3.1h
[2026-10-05 05:52:42] 5750/13871 genes, 90.8% seqs, elapsed 30.5h, ETA ~3.1h
[2026-10-05 05:57:23] 5800/13871 genes, 91.1% seqs, elapsed 30.5h, ETA ~3.0h
[2026-10-05 06:04:00] 5850/13871 genes, 91.3% seqs, elapsed 30.6h, ETA ~2.9h
[2026-10-05 06:07:19] 5900/13871 genes, 91.5% seqs, elapsed 30.7h, ETA ~2.9h
[2026-10-05 06:09:05] 5950/13871 genes, 91.7% seqs, elapsed 30.7h, ETA ~2.8h
[2026-10-05 06:11:39] 6000/13871 genes, 91.9% seqs, elapsed 30.8h, ETA ~2.7h
[2026-10-05 06:14:46] 6050/13871 genes, 92.1% seqs, elapsed 30.8h, ETA ~2.6h
[2026-10-05 06:19:15] 6100/13871 genes, 92.3% seqs, elapsed 30.9h, ETA ~2.6h
[2026-10-05 06:25:23] 6150/13871 genes, 92.5% seqs, elapsed 31.0h, ETA ~2.5h
[2026-10-05 06:30:07] 6200/13871 genes, 92.7% seqs, elapsed 31.1h, ETA ~2.5h
[2026-10-05 06:33:01] 6250/13871 genes, 92.8% seqs, elapsed 31.1h, ETA ~2.4h
[2026-10-05 06:36:32] 6300/13871 genes, 93.0% seqs, elapsed 31.2h, ETA ~2.3h
[2026-10-05 06:40:22] 6350/13871 genes, 93.2% seqs, elapsed 31.2h, ETA ~2.3h
[2026-10-05 06:44:29] 6400/13871 genes, 93.4% seqs, elapsed 31.3h, ETA ~2.2h
[2026-10-05 06:48:42] 6450/13871 genes, 93.5% seqs, elapsed 31.4h, ETA ~2.2h
[2026-10-05 06:51:39] 6500/13871 genes, 93.7% seqs, elapsed 31.4h, ETA ~2.1h
[2026-10-05 06:53:48] 6550/13871 genes, 93.9% seqs, elapsed 31.5h, ETA ~2.1h
[2026-10-05 06:55:19] 6600/13871 genes, 94.0% seqs, elapsed 31.5h, ETA ~2.0h
[2026-10-05 06:56:39] 6650/13871 genes, 94.2% seqs, elapsed 31.5h, ETA ~2.0h
[2026-10-05 07:02:33] 6700/13871 genes, 94.3% seqs, elapsed 31.6h, ETA ~1.9h
[2026-10-05 07:06:35] 6750/13871 genes, 94.5% seqs, elapsed 31.7h, ETA ~1.9h
[2026-10-05 07:09:41] 6800/13871 genes, 94.6% seqs, elapsed 31.7h, ETA ~1.8h
[2026-10-05 07:12:41] 6850/13871 genes, 94.8% seqs, elapsed 31.8h, ETA ~1.8h
[2026-10-05 07:14:58] 6900/13871 genes, 94.9% seqs, elapsed 31.8h, ETA ~1.7h
[2026-10-05 07:17:17] 6950/13871 genes, 95.0% seqs, elapsed 31.9h, ETA ~1.7h
[2026-10-05 07:19:06] 7000/13871 genes, 95.2% seqs, elapsed 31.9h, ETA ~1.6h
[2026-10-05 07:20:17] 7050/13871 genes, 95.3% seqs, elapsed 31.9h, ETA ~1.6h
[2026-10-05 07:21:26] 7100/13871 genes, 95.4% seqs, elapsed 31.9h, ETA ~1.5h
[2026-10-05 07:24:30] 7150/13871 genes, 95.6% seqs, elapsed 32.0h, ETA ~1.5h
[2026-10-05 07:26:25] 7200/13871 genes, 95.7% seqs, elapsed 32.0h, ETA ~1.4h
[2026-10-05 07:28:11] 7250/13871 genes, 95.8% seqs, elapsed 32.0h, ETA ~1.4h
[2026-10-05 07:29:38] 7300/13871 genes, 95.9% seqs, elapsed 32.1h, ETA ~1.4h
[2026-10-05 07:31:12] 7350/13871 genes, 96.1% seqs, elapsed 32.1h, ETA ~1.3h
[2026-10-05 07:32:55] 7400/13871 genes, 96.2% seqs, elapsed 32.1h, ETA ~1.3h
[2026-10-05 07:35:11] 7450/13871 genes, 96.3% seqs, elapsed 32.2h, ETA ~1.2h
[2026-10-05 07:37:36] 7500/13871 genes, 96.4% seqs, elapsed 32.2h, ETA ~1.2h
[2026-10-05 07:41:08] 7550/13871 genes, 96.5% seqs, elapsed 32.3h, ETA ~1.2h
[2026-10-05 07:42:45] 7600/13871 genes, 96.6% seqs, elapsed 32.3h, ETA ~1.1h
[2026-10-05 07:44:30] 7650/13871 genes, 96.7% seqs, elapsed 32.3h, ETA ~1.1h
[2026-10-05 07:51:40] 7700/13871 genes, 96.8% seqs, elapsed 32.4h, ETA ~1.1h
[2026-10-05 07:56:13] 7750/13871 genes, 96.9% seqs, elapsed 32.5h, ETA ~1.0h
[2026-10-05 07:58:26] 7800/13871 genes, 97.0% seqs, elapsed 32.5h, ETA ~1.0h
[2026-10-05 08:00:47] 7850/13871 genes, 97.1% seqs, elapsed 32.6h, ETA ~1.0h
[2026-10-05 08:02:48] 7900/13871 genes, 97.2% seqs, elapsed 32.6h, ETA ~1.0h
[2026-10-05 08:07:25] 7950/13871 genes, 97.3% seqs, elapsed 32.7h, ETA ~0.9h
[2026-10-05 08:09:39] 8000/13871 genes, 97.3% seqs, elapsed 32.7h, ETA ~0.9h
[2026-10-05 08:12:25] 8050/13871 genes, 97.4% seqs, elapsed 32.8h, ETA ~0.9h
[2026-10-05 08:14:05] 8100/13871 genes, 97.5% seqs, elapsed 32.8h, ETA ~0.8h
[2026-10-05 08:17:06] 8150/13871 genes, 97.6% seqs, elapsed 32.9h, ETA ~0.8h
[2026-10-05 08:20:21] 8200/13871 genes, 97.7% seqs, elapsed 32.9h, ETA ~0.8h
[2026-10-05 08:22:38] 8250/13871 genes, 97.7% seqs, elapsed 33.0h, ETA ~0.8h
[2026-10-05 08:23:49] 8300/13871 genes, 97.8% seqs, elapsed 33.0h, ETA ~0.7h
[2026-10-05 08:25:51] 8350/13871 genes, 97.9% seqs, elapsed 33.0h, ETA ~0.7h
[2026-10-05 08:28:16] 8400/13871 genes, 97.9% seqs, elapsed 33.0h, ETA ~0.7h
[2026-10-05 08:30:19] 8450/13871 genes, 98.0% seqs, elapsed 33.1h, ETA ~0.7h
[2026-10-05 08:32:59] 8500/13871 genes, 98.1% seqs, elapsed 33.1h, ETA ~0.7h
[2026-10-05 08:33:57] 8550/13871 genes, 98.1% seqs, elapsed 33.1h, ETA ~0.6h
[2026-10-05 08:35:20] 8600/13871 genes, 98.2% seqs, elapsed 33.2h, ETA ~0.6h
[2026-10-05 08:37:58] 8650/13871 genes, 98.3% seqs, elapsed 33.2h, ETA ~0.6h
[2026-10-05 08:40:19] 8700/13871 genes, 98.3% seqs, elapsed 33.2h, ETA ~0.6h
[2026-10-05 08:42:33] 8750/13871 genes, 98.4% seqs, elapsed 33.3h, ETA ~0.6h
[2026-10-05 08:44:11] 8800/13871 genes, 98.4% seqs, elapsed 33.3h, ETA ~0.5h
[2026-10-05 08:46:15] 8850/13871 genes, 98.5% seqs, elapsed 33.3h, ETA ~0.5h
[2026-10-05 08:47:49] 8900/13871 genes, 98.5% seqs, elapsed 33.4h, ETA ~0.5h
[2026-10-05 08:49:34] 8950/13871 genes, 98.6% seqs, elapsed 33.4h, ETA ~0.5h
[2026-10-05 08:50:26] 9000/13871 genes, 98.6% seqs, elapsed 33.4h, ETA ~0.5h
[2026-10-05 08:51:42] 9050/13871 genes, 98.7% seqs, elapsed 33.4h, ETA ~0.5h
[2026-10-05 08:52:53] 9100/13871 genes, 98.7% seqs, elapsed 33.5h, ETA ~0.4h
[2026-10-05 08:53:30] 9150/13871 genes, 98.8% seqs, elapsed 33.5h, ETA ~0.4h
[2026-10-05 08:55:02] 9200/13871 genes, 98.8% seqs, elapsed 33.5h, ETA ~0.4h
[2026-10-05 08:55:51] 9250/13871 genes, 98.8% seqs, elapsed 33.5h, ETA ~0.4h
[2026-10-05 08:56:35] 9300/13871 genes, 98.9% seqs, elapsed 33.5h, ETA ~0.4h
[2026-10-05 08:57:18] 9350/13871 genes, 98.9% seqs, elapsed 33.5h, ETA ~0.4h
[2026-10-05 08:57:57] 9400/13871 genes, 99.0% seqs, elapsed 33.5h, ETA ~0.4h
[2026-10-05 08:58:36] 9450/13871 genes, 99.0% seqs, elapsed 33.6h, ETA ~0.3h
[2026-10-05 08:59:19] 9500/13871 genes, 99.0% seqs, elapsed 33.6h, ETA ~0.3h
[2026-10-05 09:00:05] 9550/13871 genes, 99.1% seqs, elapsed 33.6h, ETA ~0.3h
[2026-10-05 09:00:28] 9600/13871 genes, 99.1% seqs, elapsed 33.6h, ETA ~0.3h
[2026-10-05 09:00:53] 9650/13871 genes, 99.1% seqs, elapsed 33.6h, ETA ~0.3h
[2026-10-05 09:01:12] 9700/13871 genes, 99.1% seqs, elapsed 33.6h, ETA ~0.3h
[2026-10-05 09:01:52] 9750/13871 genes, 99.2% seqs, elapsed 33.6h, ETA ~0.3h
[2026-10-05 09:02:28] 9800/13871 genes, 99.2% seqs, elapsed 33.6h, ETA ~0.3h
[2026-10-05 09:02:56] 9850/13871 genes, 99.2% seqs, elapsed 33.6h, ETA ~0.3h
[2026-10-05 09:03:26] 9900/13871 genes, 99.3% seqs, elapsed 33.6h, ETA ~0.2h
[2026-10-05 09:03:55] 9950/13871 genes, 99.3% seqs, elapsed 33.6h, ETA ~0.2h
[2026-10-05 09:04:17] 10000/13871 genes, 99.3% seqs, elapsed 33.6h, ETA ~0.2h
[2026-10-05 09:04:36] 10050/13871 genes, 99.3% seqs, elapsed 33.7h, ETA ~0.2h
[2026-10-05 09:05:10] 10100/13871 genes, 99.4% seqs, elapsed 33.7h, ETA ~0.2h
[2026-10-05 09:05:51] 10150/13871 genes, 99.4% seqs, elapsed 33.7h, ETA ~0.2h
[2026-10-05 09:06:14] 10200/13871 genes, 99.4% seqs, elapsed 33.7h, ETA ~0.2h
[2026-10-05 09:06:39] 10250/13871 genes, 99.4% seqs, elapsed 33.7h, ETA ~0.2h
[2026-10-05 09:06:55] 10300/13871 genes, 99.4% seqs, elapsed 33.7h, ETA ~0.2h
[2026-10-05 09:07:21] 10350/13871 genes, 99.5% seqs, elapsed 33.7h, ETA ~0.2h
[2026-10-05 09:07:56] 10400/13871 genes, 99.5% seqs, elapsed 33.7h, ETA ~0.2h
[2026-10-05 09:08:14] 10450/13871 genes, 99.5% seqs, elapsed 33.7h, ETA ~0.2h
[2026-10-05 09:08:39] 10500/13871 genes, 99.5% seqs, elapsed 33.7h, ETA ~0.2h
[2026-10-05 09:08:55] 10550/13871 genes, 99.5% seqs, elapsed 33.7h, ETA ~0.2h
[2026-10-05 09:09:19] 10600/13871 genes, 99.6% seqs, elapsed 33.7h, ETA ~0.1h
[2026-10-05 09:09:51] 10650/13871 genes, 99.6% seqs, elapsed 33.7h, ETA ~0.1h
[2026-10-05 09:10:15] 10700/13871 genes, 99.6% seqs, elapsed 33.7h, ETA ~0.1h
[2026-10-05 09:10:30] 10750/13871 genes, 99.6% seqs, elapsed 33.8h, ETA ~0.1h
[2026-10-05 09:10:55] 10800/13871 genes, 99.6% seqs, elapsed 33.8h, ETA ~0.1h
[2026-10-05 09:11:12] 10850/13871 genes, 99.6% seqs, elapsed 33.8h, ETA ~0.1h
[2026-10-05 09:11:24] 10900/13871 genes, 99.6% seqs, elapsed 33.8h, ETA ~0.1h
[2026-10-05 09:11:54] 10950/13871 genes, 99.7% seqs, elapsed 33.8h, ETA ~0.1h
[2026-10-05 09:12:57] 11000/13871 genes, 99.7% seqs, elapsed 33.8h, ETA ~0.1h
[2026-10-05 09:13:29] 11050/13871 genes, 99.7% seqs, elapsed 33.8h, ETA ~0.1h
[2026-10-05 09:14:02] 11100/13871 genes, 99.7% seqs, elapsed 33.8h, ETA ~0.1h
[2026-10-05 09:14:37] 11150/13871 genes, 99.7% seqs, elapsed 33.8h, ETA ~0.1h
[2026-10-05 09:14:58] 11200/13871 genes, 99.7% seqs, elapsed 33.8h, ETA ~0.1h
[2026-10-05 09:15:36] 11250/13871 genes, 99.7% seqs, elapsed 33.8h, ETA ~0.1h
[2026-10-05 09:16:03] 11300/13871 genes, 99.7% seqs, elapsed 33.8h, ETA ~0.1h
[2026-10-05 09:16:25] 11350/13871 genes, 99.8% seqs, elapsed 33.8h, ETA ~0.1h
[2026-10-05 09:16:45] 11400/13871 genes, 99.8% seqs, elapsed 33.9h, ETA ~0.1h
[2026-10-05 09:17:08] 11450/13871 genes, 99.8% seqs, elapsed 33.9h, ETA ~0.1h
[2026-10-05 09:17:27] 11500/13871 genes, 99.8% seqs, elapsed 33.9h, ETA ~0.1h
[2026-10-05 09:17:38] 11550/13871 genes, 99.8% seqs, elapsed 33.9h, ETA ~0.1h
[2026-10-05 09:17:52] 11600/13871 genes, 99.8% seqs, elapsed 33.9h, ETA ~0.1h
[2026-10-05 09:18:13] 11650/13871 genes, 99.8% seqs, elapsed 33.9h, ETA ~0.1h
[2026-10-05 09:18:30] 11700/13871 genes, 99.8% seqs, elapsed 33.9h, ETA ~0.1h
[2026-10-05 09:18:44] 11750/13871 genes, 99.8% seqs, elapsed 33.9h, ETA ~0.1h
[2026-10-05 09:19:01] 11800/13871 genes, 99.8% seqs, elapsed 33.9h, ETA ~0.1h
[2026-10-05 09:19:24] 11850/13871 genes, 99.9% seqs, elapsed 33.9h, ETA ~0.0h
[2026-10-05 09:19:37] 11900/13871 genes, 99.9% seqs, elapsed 33.9h, ETA ~0.0h
[2026-10-05 09:19:53] 11950/13871 genes, 99.9% seqs, elapsed 33.9h, ETA ~0.0h
[2026-10-05 09:20:12] 12000/13871 genes, 99.9% seqs, elapsed 33.9h, ETA ~0.0h
[2026-10-05 09:20:36] 12050/13871 genes, 99.9% seqs, elapsed 33.9h, ETA ~0.0h
[2026-10-05 09:20:57] 12100/13871 genes, 99.9% seqs, elapsed 33.9h, ETA ~0.0h
[2026-10-05 09:21:29] 12150/13871 genes, 99.9% seqs, elapsed 33.9h, ETA ~0.0h
[2026-10-05 09:21:36] 12200/13871 genes, 99.9% seqs, elapsed 33.9h, ETA ~0.0h
[2026-10-05 09:21:51] 12250/13871 genes, 99.9% seqs, elapsed 33.9h, ETA ~0.0h
[2026-10-05 09:22:19] 12300/13871 genes, 99.9% seqs, elapsed 33.9h, ETA ~0.0h
[2026-10-05 09:22:21] 12350/13871 genes, 99.9% seqs, elapsed 33.9h, ETA ~0.0h
[2026-10-05 09:22:30] 12400/13871 genes, 99.9% seqs, elapsed 34.0h, ETA ~0.0h
[2026-10-05 09:22:36] 12450/13871 genes, 99.9% seqs, elapsed 34.0h, ETA ~0.0h
[2026-10-05 09:22:46] 12500/13871 genes, 99.9% seqs, elapsed 34.0h, ETA ~0.0h
[2026-10-05 09:22:55] 12550/13871 genes, 99.9% seqs, elapsed 34.0h, ETA ~0.0h
[2026-10-05 09:23:21] 12600/13871 genes, 99.9% seqs, elapsed 34.0h, ETA ~0.0h
[2026-10-05 09:23:27] 12650/13871 genes, 99.9% seqs, elapsed 34.0h, ETA ~0.0h
[2026-10-05 09:23:36] 12700/13871 genes, 100.0% seqs, elapsed 34.0h, ETA ~0.0h
[2026-10-05 09:23:52] 12750/13871 genes, 100.0% seqs, elapsed 34.0h, ETA ~0.0h
[2026-10-05 09:23:54] 12800/13871 genes, 100.0% seqs, elapsed 34.0h, ETA ~0.0h
[2026-10-05 09:23:59] 12850/13871 genes, 100.0% seqs, elapsed 34.0h, ETA ~0.0h
[2026-10-05 09:24:08] 12900/13871 genes, 100.0% seqs, elapsed 34.0h, ETA ~0.0h
[2026-10-05 09:24:13] 12950/13871 genes, 100.0% seqs, elapsed 34.0h, ETA ~0.0h
[2026-10-05 09:24:21] 13000/13871 genes, 100.0% seqs, elapsed 34.0h, ETA ~0.0h
[2026-10-05 09:24:33] 13050/13871 genes, 100.0% seqs, elapsed 34.0h, ETA ~0.0h
[2026-10-05 09:24:39] 13100/13871 genes, 100.0% seqs, elapsed 34.0h, ETA ~0.0h
[2026-10-05 09:24:43] 13150/13871 genes, 100.0% seqs, elapsed 34.0h, ETA ~0.0h
[2026-10-05 09:24:48] 13200/13871 genes, 100.0% seqs, elapsed 34.0h, ETA ~0.0h
[2026-10-05 09:24:57] 13250/13871 genes, 100.0% seqs, elapsed 34.0h, ETA ~0.0h
[2026-10-05 09:24:59] 13300/13871 genes, 100.0% seqs, elapsed 34.0h, ETA ~0.0h
[2026-10-05 09:25:01] 13350/13871 genes, 100.0% seqs, elapsed 34.0h, ETA ~0.0h
[2026-10-05 09:25:05] 13400/13871 genes, 100.0% seqs, elapsed 34.0h, ETA ~0.0h
[2026-10-05 09:25:07] 13450/13871 genes, 100.0% seqs, elapsed 34.0h, ETA ~0.0h
[2026-10-05 09:25:21] 13500/13871 genes, 100.0% seqs, elapsed 34.0h, ETA ~0.0h
[2026-10-05 09:25:22] 13550/13871 genes, 100.0% seqs, elapsed 34.0h, ETA ~0.0h
[2026-10-05 09:25:27] 13600/13871 genes, 100.0% seqs, elapsed 34.0h, ETA ~0.0h
[2026-10-05 09:25:28] 13650/13871 genes, 100.0% seqs, elapsed 34.0h, ETA ~0.0h
[2026-10-05 09:25:31] 13700/13871 genes, 100.0% seqs, elapsed 34.0h, ETA ~0.0h
[2026-10-05 09:25:32] 13750/13871 genes, 100.0% seqs, elapsed 34.0h, ETA ~0.0h
[2026-10-05 09:25:33] 13800/13871 genes, 100.0% seqs, elapsed 34.0h, ETA ~0.0h
[2026-10-05 09:25:33] 13850/13871 genes, 100.0% seqs, elapsed 34.0h, ETA ~0.0h
[2026-10-05 09:26:53] 13871/13871 genes, 100.0% seqs, elapsed 34.0h, ETA ~0.0h
Filtering complete!
======================================
Resuming Full EggNOG Pipeline - Final Steps
Date: Mon Oct  5 09:26:58 AM CEST 2026
======================================
[4/8] Building full 12,500 species matrix from chunks...
Reading surviving species from all chunks...
Parsing pipeline/full_eggnog_pipeline/data/surviving_species.tsv...
Parsing pipeline/full_eggnog_pipeline/data/surviving_species_chunk5.tsv...
Parsing pipeline/full_eggnog_pipeline/data/surviving_species_chunk4.tsv...
Parsing pipeline/full_eggnog_pipeline/data/surviving_species_resume.tsv...
Extracting full Newick tree...
Matrix: 17778 genes x 12525 species
Saved table.tsv and tree.newick!
[5/8] Running Dollo Parsimony inference...
Splitting cache_eggnog_full/table.tsv into 100 chunks (40 concurrent)...
Launching 100 parallel Count processes...
Merging results...
Traceback (most recent call last):
  File "/mnt/home2/prodromosp/dollo-network-explorer/pipeline/helpers/parallel_count.py", line 77, in <module>
    main()
    ~~~~^^
  File "/mnt/home2/prodromosp/dollo-network-explorer/pipeline/helpers/parallel_count.py", line 57, in main
    with open(out_file, "w") as f_out:
         ~~~~^^^^^^^^^^^^^^^
OSError: [Errno 122] Disk quota exceeded
