======================================
Resuming Full EggNOG Pipeline - Final Steps
Date: Mon Oct  5 09:26:58 AM CEST 2026
======================================
[4/8] Building full 12,500 species matrix from chunks...
Reading surviving species from all chunks...
Parsing pipeline/full_eggnog_pipeline/data/surviving_species.tsv...
Parsing pipeline/full_eggnog_pipeline/data/surviving_species_chunk5.tsv...
Parsing pipeline/full_eggnog_pipeline/data/surviving_species_chunk4.tsv...
Parsing pipeline/full_eggnog_pipeline/data/surviving_species_resume.tsv...
Extracting full Newick tree...
Matrix: 17778 genes x 12525 species
Saved table.tsv and tree.newick!
[5/8] Running Dollo Parsimony inference...
Splitting cache_eggnog_full/table.tsv into 100 chunks (40 concurrent)...
Launching 100 parallel Count processes...
Merging results...
Traceback (most recent call last):
  File "/mnt/home2/prodromosp/dollo-network-explorer/pipeline/helpers/parallel_count.py", line 77, in <module>
    main()
    ~~~~^^
  File "/mnt/home2/prodromosp/dollo-network-explorer/pipeline/helpers/parallel_count.py", line 57, in main
    with open(out_file, "w") as f_out:
         ~~~~^^^^^^^^^^^^^^^
OSError: [Errno 122] Disk quota exceeded
=== Resuming Full EggNOG Pipeline at step 6 (Wed Oct  7 02:24:06 PM CEST 2026) ===
[6/8] Building Jaccard matrix...
Building matrix...
Computing Jaccard...
Saving binary partners...
Done computing Jaccard.
[7/8] Leiden clustering...
Loaded 521 panel genes
Loading Jaccard matrix...
  17778 genes, matrix shape (17778, 17778)
  17502 genes with >= 5 losses
Extracting submatrix for eligible genes...
Building graph (Jaccard >= 0.05)...
  46750009 edges above floor
Running Leiden (resolution=1.0, seed=42)...
  Found 4 clusters (modularity=0.3708)
  Written: data/eggnog_full_dataset/leiden_clusters.tsv
  Written: data/eggnog_full_dataset/leiden_summary.tsv

Done.
  Clusters: 4
  Modularity: 0.3708
  Cluster sizes: min=3325, max=5963, median=4107, mean=4375.5
  Panel genes in eligible set: 472/521
[8/8] Building final interactive HTML...
Pipeline fully finished at Wed Oct  7 02:50:47 PM CEST 2026
