======================================
Starting Full EggNOG Pipeline (12.5k species)
Date: Fri Oct  2 04:33:29 PM CEST 2026
======================================
[1/8] Extracting EggNOG Ortholog Groups...
Skipping step 1 (gene_to_target_proteins.json already extracted)
[2/8] Extracting raw FASTA sequences to SQLite database...
Loading targets...
Building unique target set...
Inserting 718624522 mapping rows...
Creating index on gene_map...
Streaming FASTA to SQLite (Targeting 27567597 unique proteins)...
Inserted 100000 unique sequences...
Inserted 200000 unique sequences...
Inserted 300000 unique sequences...
Inserted 400000 unique sequences...
Inserted 500000 unique sequences...
Inserted 600000 unique sequences...
Inserted 700000 unique sequences...
Inserted 800000 unique sequences...
Inserted 900000 unique sequences...
Inserted 1000000 unique sequences...
Inserted 1100000 unique sequences...
Inserted 1200000 unique sequences...
Inserted 1300000 unique sequences...
Inserted 1400000 unique sequences...
Inserted 1500000 unique sequences...
Inserted 1600000 unique sequences...
Inserted 1700000 unique sequences...
Inserted 1800000 unique sequences...
Inserted 1900000 unique sequences...
Inserted 2000000 unique sequences...
Inserted 2100000 unique sequences...
Inserted 2200000 unique sequences...
Inserted 2300000 unique sequences...
Inserted 2400000 unique sequences...
Inserted 2500000 unique sequences...
Inserted 2600000 unique sequences...
Inserted 2700000 unique sequences...
Inserted 2800000 unique sequences...
Inserted 2900000 unique sequences...
Inserted 3000000 unique sequences...
Inserted 3100000 unique sequences...
Inserted 3200000 unique sequences...
Inserted 3300000 unique sequences...
Inserted 3400000 unique sequences...
Inserted 3500000 unique sequences...
Inserted 3600000 unique sequences...
Inserted 3700000 unique sequences...
Inserted 3800000 unique sequences...
Inserted 3900000 unique sequences...
Inserted 4000000 unique sequences...
Inserted 4100000 unique sequences...
Inserted 4200000 unique sequences...
Inserted 4300000 unique sequences...
Inserted 4400000 unique sequences...
Inserted 4500000 unique sequences...
Inserted 4600000 unique sequences...
Inserted 4700000 unique sequences...
Inserted 4800000 unique sequences...
Inserted 4900000 unique sequences...
Inserted 5000000 unique sequences...
Inserted 5100000 unique sequences...
Inserted 5200000 unique sequences...
Inserted 5300000 unique sequences...
Inserted 5400000 unique sequences...
Inserted 5500000 unique sequences...
Inserted 5600000 unique sequences...
Inserted 5700000 unique sequences...
Inserted 5800000 unique sequences...
Inserted 5900000 unique sequences...
Inserted 6000000 unique sequences...
Inserted 6100000 unique sequences...
Inserted 6200000 unique sequences...
Inserted 6300000 unique sequences...
Inserted 6400000 unique sequences...
Inserted 6500000 unique sequences...
Inserted 6600000 unique sequences...
Inserted 6700000 unique sequences...
Inserted 6800000 unique sequences...
Inserted 6900000 unique sequences...
Inserted 7000000 unique sequences...
Inserted 7100000 unique sequences...
Inserted 7200000 unique sequences...
Inserted 7300000 unique sequences...
Inserted 7400000 unique sequences...
Inserted 7500000 unique sequences...
Inserted 7600000 unique sequences...
Inserted 7700000 unique sequences...
Inserted 7800000 unique sequences...
Inserted 7900000 unique sequences...
Inserted 8000000 unique sequences...
Inserted 8100000 unique sequences...
Inserted 8200000 unique sequences...
Inserted 8300000 unique sequences...
Inserted 8400000 unique sequences...
Inserted 8500000 unique sequences...
Inserted 8600000 unique sequences...
Inserted 8700000 unique sequences...
Inserted 8800000 unique sequences...
Inserted 8900000 unique sequences...
Inserted 9000000 unique sequences...
Inserted 9100000 unique sequences...
Inserted 9200000 unique sequences...
Inserted 9300000 unique sequences...
Inserted 9400000 unique sequences...
Inserted 9500000 unique sequences...
Inserted 9600000 unique sequences...
Inserted 9700000 unique sequences...
Inserted 9800000 unique sequences...
Inserted 9900000 unique sequences...
Inserted 10000000 unique sequences...
Inserted 10100000 unique sequences...
Inserted 10200000 unique sequences...
Inserted 10300000 unique sequences...
Inserted 10400000 unique sequences...
Inserted 10500000 unique sequences...
Inserted 10600000 unique sequences...
Inserted 10700000 unique sequences...
Inserted 10800000 unique sequences...
Inserted 10900000 unique sequences...
Inserted 11000000 unique sequences...
Inserted 11100000 unique sequences...
Inserted 11200000 unique sequences...
Inserted 11300000 unique sequences...
Inserted 11400000 unique sequences...
Inserted 11500000 unique sequences...
Inserted 11600000 unique sequences...
Inserted 11700000 unique sequences...
Inserted 11800000 unique sequences...
Inserted 11900000 unique sequences...
Inserted 12000000 unique sequences...
Inserted 12100000 unique sequences...
Inserted 12200000 unique sequences...
Inserted 12300000 unique sequences...
Inserted 12400000 unique sequences...
Inserted 12500000 unique sequences...
Inserted 12600000 unique sequences...
Inserted 12700000 unique sequences...
Inserted 12800000 unique sequences...
Inserted 12900000 unique sequences...
Inserted 13000000 unique sequences...
Inserted 13100000 unique sequences...
Inserted 13200000 unique sequences...
Inserted 13300000 unique sequences...
Inserted 13400000 unique sequences...
Inserted 13500000 unique sequences...
Inserted 13600000 unique sequences...
Inserted 13700000 unique sequences...
Inserted 13800000 unique sequences...
Inserted 13900000 unique sequences...
Inserted 14000000 unique sequences...
Inserted 14100000 unique sequences...
Inserted 14200000 unique sequences...
Inserted 14300000 unique sequences...
Inserted 14400000 unique sequences...
Inserted 14500000 unique sequences...
Inserted 14600000 unique sequences...
Inserted 14700000 unique sequences...
Inserted 14800000 unique sequences...
Inserted 14900000 unique sequences...
Inserted 15000000 unique sequences...
Inserted 15100000 unique sequences...
Inserted 15200000 unique sequences...
Inserted 15300000 unique sequences...
Inserted 15400000 unique sequences...
Inserted 15500000 unique sequences...
Inserted 15600000 unique sequences...
Inserted 15700000 unique sequences...
Inserted 15800000 unique sequences...
Inserted 15900000 unique sequences...
Inserted 16000000 unique sequences...
Inserted 16100000 unique sequences...
Inserted 16200000 unique sequences...
Inserted 16300000 unique sequences...
Inserted 16400000 unique sequences...
Inserted 16500000 unique sequences...
Inserted 16600000 unique sequences...
Inserted 16700000 unique sequences...
Inserted 16800000 unique sequences...
Inserted 16900000 unique sequences...
Inserted 17000000 unique sequences...
Inserted 17100000 unique sequences...
Inserted 17200000 unique sequences...
Inserted 17300000 unique sequences...
Inserted 17400000 unique sequences...
Inserted 17500000 unique sequences...
Inserted 17600000 unique sequences...
Inserted 17700000 unique sequences...
Inserted 17800000 unique sequences...
Inserted 17900000 unique sequences...
Inserted 18000000 unique sequences...
Inserted 18100000 unique sequences...
Inserted 18200000 unique sequences...
Inserted 18300000 unique sequences...
Inserted 18400000 unique sequences...
Inserted 18500000 unique sequences...
Inserted 18600000 unique sequences...
Inserted 18700000 unique sequences...
Inserted 18800000 unique sequences...
Inserted 18900000 unique sequences...
Inserted 19000000 unique sequences...
Inserted 19100000 unique sequences...
Inserted 19200000 unique sequences...
Inserted 19300000 unique sequences...
Inserted 19400000 unique sequences...
Inserted 19500000 unique sequences...
Inserted 19600000 unique sequences...
Inserted 19700000 unique sequences...
Inserted 19800000 unique sequences...
Inserted 19900000 unique sequences...
Inserted 20000000 unique sequences...
Inserted 20100000 unique sequences...
Inserted 20200000 unique sequences...
Inserted 20300000 unique sequences...
Inserted 20400000 unique sequences...
Inserted 20500000 unique sequences...
Inserted 20600000 unique sequences...
Inserted 20700000 unique sequences...
Inserted 20800000 unique sequences...
Inserted 20900000 unique sequences...
Inserted 21000000 unique sequences...
Inserted 21100000 unique sequences...
Inserted 21200000 unique sequences...
Inserted 21300000 unique sequences...
Inserted 21400000 unique sequences...
Inserted 21500000 unique sequences...
Inserted 21600000 unique sequences...
Inserted 21700000 unique sequences...
Inserted 21800000 unique sequences...
Inserted 21900000 unique sequences...
Inserted 22000000 unique sequences...
Inserted 22100000 unique sequences...
Inserted 22200000 unique sequences...
Inserted 22300000 unique sequences...
Inserted 22400000 unique sequences...
Inserted 22500000 unique sequences...
Inserted 22600000 unique sequences...
Inserted 22700000 unique sequences...
Inserted 22800000 unique sequences...
Inserted 22900000 unique sequences...
Inserted 23000000 unique sequences...
Inserted 23100000 unique sequences...
Inserted 23200000 unique sequences...
Inserted 23300000 unique sequences...
Inserted 23400000 unique sequences...
Inserted 23500000 unique sequences...
Inserted 23600000 unique sequences...
Inserted 23700000 unique sequences...
Inserted 23800000 unique sequences...
Inserted 23900000 unique sequences...
Inserted 24000000 unique sequences...
Inserted 24100000 unique sequences...
Inserted 24200000 unique sequences...
Inserted 24300000 unique sequences...
Inserted 24400000 unique sequences...
Inserted 24500000 unique sequences...
Inserted 24600000 unique sequences...
Inserted 24700000 unique sequences...
Inserted 24800000 unique sequences...
Inserted 24900000 unique sequences...
Inserted 25000000 unique sequences...
Inserted 25100000 unique sequences...
Inserted 25200000 unique sequences...
Inserted 25300000 unique sequences...
Inserted 25400000 unique sequences...
Inserted 25500000 unique sequences...
Inserted 25600000 unique sequences...
Inserted 25700000 unique sequences...
Inserted 25800000 unique sequences...
Inserted 25900000 unique sequences...
Inserted 26000000 unique sequences...
Inserted 26100000 unique sequences...
Inserted 26200000 unique sequences...
Inserted 26300000 unique sequences...
Inserted 26400000 unique sequences...
Inserted 26500000 unique sequences...
Inserted 26600000 unique sequences...
Inserted 26700000 unique sequences...
Inserted 26800000 unique sequences...
Inserted 26900000 unique sequences...
Inserted 27000000 unique sequences...
Inserted 27100000 unique sequences...
Inserted 27200000 unique sequences...
Inserted 27300000 unique sequences...
Inserted 27400000 unique sequences...
Inserted 27500000 unique sequences...
Done extracting to fastas.db!
[3/8] Running PANTHER HMM search filter (12 threads)...
Loading gene mapping...
Traceback (most recent call last):
  File "/mnt/home2/prodromosp/dollo-network-explorer/pipeline/full_eggnog_pipeline/05_hmmsearch_filter_parallel.py", line 15, in <module>
    binHmm = list(hmms_dir.rglob("binHmm.h3m"))[0].with_suffix("")
             ~~~~~~~~~~~~~~~~~~~~~~~~~~~~~~~~~~^^^
IndexError: list index out of range
======================================
Starting Full EggNOG Pipeline (12.5k species)
Date: Fri Oct  2 05:30:50 PM CEST 2026
======================================
[1/8] Extracting EggNOG Ortholog Groups...
Skipping step 1 (gene_to_target_proteins.json already extracted)
[2/8] Extracting raw FASTA sequences to SQLite database...
Skipping step 2 (SQLite DB already extracted)
[3/8] Running PANTHER HMM search filter (12 threads)...
======================================
Starting Full EggNOG Pipeline (12.5k species)
Date: Fri Oct  2 08:37:00 PM CEST 2026
======================================
[1/8] Extracting EggNOG Ortholog Groups...
Skipping step 1 (gene_to_target_proteins.json already extracted)
[2/8] Extracting raw FASTA sequences to SQLite database...
Skipping step 2 (SQLite DB already extracted)
[3/8] Running PANTHER HMM search filter (12 threads)...
Loading gene mapping...
Copying pipeline/full_eggnog_pipeline/data/fastas.db to local NVMe SSD (/tmp/fastas_prodromosp.db) for turbo speed... (This will take a minute or two)
Copy complete!
Fetching unique genes from DB...
Found 17788 unique genes to filter.
Remaining genes to filter: 17138
Starting parallel HMM search...
Processed 0/17138 genes...
